// Jest Snapshot v1, https://goo.gl/fbAQLP

exports[`Order card component should render correctly 1`] = `""`;
