// Jest Snapshot v1, https://goo.gl/fbAQLP

exports[`ImageDropZone component should render correclty 1`] = `
<div
  className="sc-bdVaJa hDcTMv"
>
  <t
    accept="image/*"
    activeStyle={
      Object {
        "background": "repeating-linear-gradient(
            45deg,
            #eeeeee,
            #eeeeee 10px,
            #e0e0e0 10px,
            #e0e0e0 20px
          )",
      }
    }
    disableClick={false}
    disablePreview={false}
    disabled={false}
    maxSize={Infinity}
    minSize={0}
    multiple={true}
    preventDropOnDocument={true}
    style={
      Object {
        "alignItems": "center",
        "borderColor": "#757575",
        "borderRadius": 5,
        "borderStyle": "dashed",
        "cursor": "pointer",
        "display": "flex",
        "flexDirection": "column",
        "justifyContent": "center",
        "minHeight": 200,
        "padding": 5,
        "width": "auto",
      }
    }
  >
    <h2>
      Přetáhněte soubor obrázku zde nebo klikněte.
    </h2>
    <pure(CloudUpload) />
  </t>
  <StimulPreview />
</div>
`;
