// Jest Snapshot v1, https://goo.gl/fbAQLP

exports[`Scroll top on mount component shloud return null 1`] = `""`;
