// Jest Snapshot v1, https://goo.gl/fbAQLP

exports[`Fill module index component should render correctly 1`] = `
<DragDropContext(DNDContext)>
  <Routes />
</DragDropContext(DNDContext)>
`;
