// Jest Snapshot v1, https://goo.gl/fbAQLP

exports[`Fill module routes component should render correctly 1`] = `
<HashRouter>
  <Switch>
    <Route
      component={[Function]}
      exact={true}
      path="/"
    />
    <Route
      component={[Function]}
      exact={true}
      path="/fill/:sheetId"
    />
    <Route
      component={[Function]}
      exact={true}
      path="/submit"
    />
  </Switch>
</HashRouter>
`;
